// Jest Snapshot v1, https://goo.gl/fbAQLP

exports[`The component renders correctly 1`] = `
<div
  id="contact-info"
>
  <ul>
    <li>
      Find me on:
    </li>
    <li>
      <a
        href="https://github.com/guillaumeaubert/"
      >
        <img
          alt="Github"
          src="font-awesome_4-6-3_github_32_0_ffffff_none.png"
        />
      </a>
    </li>
    <li>
      <a
        href="https://www.linkedin.com/in/aubertguillaume"
      >
        <img
          alt="LinkedIn"
          src="brandico_2014-04-07_linkedin-rect_32_0_ffffff_none.png"
        />
      </a>
    </li>
    <li>
      <a
        href="mailto:me@aubertg.com"
      >
        <img
          alt="Email"
          src="font-awesome_4-6-3_envelope-square_32_0_ffffff_none.png"
        />
      </a>
    </li>
  </ul>
</div>
`;
